I'm sorry, but errors were detected in your script. Please correct the
errors listed below, and try again.


File "game/notepad.rpy", line 51: 'background' is not a keyword argument or valid child of the input statement.
    background "#f4f1e8"
              ^

Ren'Py Version: Ren'Py 8.5.3.26051504
Thu Aug 27 18:26:28 2026
